[INFO] Scanning for projects...
[INFO] 
[INFO] ------------------< com.monserrat:monserrat-backend >-------------------
[INFO] Building monserrat-backend 1.0.0
[INFO]   from pom.xml
[INFO] --------------------------------[ jar ]---------------------------------
[INFO] 
[INFO] >>> spring-boot:3.2.3:run (default-cli) > test-compile @ monserrat-backend >>>
[INFO] 
[INFO] --- resources:3.3.1:resources (default-resources) @ monserrat-backend ---
[INFO] Copying 1 resource from src\main\resources to target\classes
[INFO] Copying 0 resource from src\main\resources to target\classes
[INFO] 
[INFO] --- compiler:3.11.0:compile (default-compile) @ monserrat-backend ---
[INFO] Nothing to compile - all classes are up to date
[INFO] 
[INFO] --- resources:3.3.1:testResources (default-testResources) @ monserrat-backend ---
[INFO] skip non existing resourceDirectory C:\tesis-montserrat\monserrat-backend\src\test\resources
[INFO] 
[INFO] --- compiler:3.11.0:testCompile (default-testCompile) @ monserrat-backend ---
[INFO] Nothing to compile - all classes are up to date
[INFO] 
[INFO] <<< spring-boot:3.2.3:run (default-cli) < test-compile @ monserrat-backend <<<
[INFO] 
[INFO] 
[INFO] --- spring-boot:3.2.3:run (default-cli) @ monserrat-backend ---
[INFO] Attaching agents: []

  .   ____          _            __ _ _
 /\\ / ___'_ __ _ _(_)_ __  __ _ \ \ \ \
( ( )\___ | '_ | '_| | '_ \/ _` | \ \ \ \
 \\/  ___)| |_)| | | | | || (_| |  ) ) ) )
  '  |____| .__|_| |_|_| |_\__, | / / / /
 =========|_|==============|___/=/_/_/_/
 :: Spring Boot ::                (v3.2.3)

2026-07-26T17:31:27.898-05:00  INFO 608 --- [           main] c.m.m.MonserratBackendApplication        : Starting MonserratBackendApplication using Java 21.0.10 with PID 608 (C:\tesis-montserrat\monserrat-backend\target\classes started by zelvi in C:\tesis-montserrat\monserrat-backend)
2026-07-26T17:31:27.910-05:00  INFO 608 --- [           main] c.m.m.MonserratBackendApplication        : No active profile set, falling back to 1 default profile: "default"
2026-07-26T17:31:30.559-05:00  INFO 608 --- [           main] .s.d.r.c.RepositoryConfigurationDelegate : Bootstrapping Spring Data JPA repositories in DEFAULT mode.
2026-07-26T17:31:30.959-05:00  INFO 608 --- [           main] .s.d.r.c.RepositoryConfigurationDelegate : Finished Spring Data repository scanning in 367 ms. Found 20 JPA repository interfaces.
2026-07-26T17:31:34.914-05:00  INFO 608 --- [           main] o.s.b.w.embedded.tomcat.TomcatWebServer  : Tomcat initialized with port 8080 (http)
2026-07-26T17:31:34.975-05:00  INFO 608 --- [           main] o.apache.catalina.core.StandardService   : Starting service [Tomcat]
2026-07-26T17:31:34.978-05:00  INFO 608 --- [           main] o.apache.catalina.core.StandardEngine    : Starting Servlet engine: [Apache Tomcat/10.1.19]
2026-07-26T17:31:35.381-05:00  INFO 608 --- [           main] o.a.c.c.C.[Tomcat].[localhost].[/]       : Initializing Spring embedded WebApplicationContext
2026-07-26T17:31:35.385-05:00  INFO 608 --- [           main] w.s.c.ServletWebServerApplicationContext : Root WebApplicationContext: initialization completed in 7256 ms
2026-07-26T17:31:36.032-05:00  INFO 608 --- [           main] o.hibernate.jpa.internal.util.LogHelper  : HHH000204: Processing PersistenceUnitInfo [name: default]
2026-07-26T17:31:36.427-05:00  INFO 608 --- [           main] org.hibernate.Version                    : HHH000412: Hibernate ORM core version 6.4.4.Final
2026-07-26T17:31:36.551-05:00  INFO 608 --- [           main] o.h.c.internal.RegionFactoryInitiator    : HHH000026: Second-level cache disabled
2026-07-26T17:31:37.544-05:00  INFO 608 --- [           main] o.s.o.j.p.SpringPersistenceUnitInfo      : No LoadTimeWeaver setup: ignoring JPA class transformer
2026-07-26T17:31:37.680-05:00  INFO 608 --- [           main] com.zaxxer.hikari.HikariDataSource       : HikariPool-1 - Starting...
2026-07-26T17:31:38.023-05:00  INFO 608 --- [           main] com.zaxxer.hikari.pool.HikariPool        : HikariPool-1 - Added connection org.postgresql.jdbc.PgConnection@547aaa32
2026-07-26T17:31:38.027-05:00  INFO 608 --- [           main] com.zaxxer.hikari.HikariDataSource       : HikariPool-1 - Start completed.
2026-07-26T17:31:38.126-05:00  WARN 608 --- [           main] org.hibernate.orm.deprecation            : HHH90000025: PostgreSQLDialect does not need to be specified explicitly using 'hibernate.dialect' (remove the property setting and it will be selected by default)
2026-07-26T17:31:42.486-05:00  INFO 608 --- [           main] o.h.e.t.j.p.i.JtaPlatformInitiator       : HHH000489: No JTA platform available (set 'hibernate.transaction.jta.platform' to enable JTA platform integration)
2026-07-26T17:31:43.060-05:00  INFO 608 --- [           main] j.LocalContainerEntityManagerFactoryBean : Initialized JPA EntityManagerFactory for persistence unit 'default'
2026-07-26T17:31:50.615-05:00  INFO 608 --- [           main] o.s.d.j.r.query.QueryEnhancerFactory     : Hibernate is in classpath; If applicable, HQL parser will be used.
2026-07-26T17:31:54.152-05:00  INFO 608 --- [           main] o.s.s.web.DefaultSecurityFilterChain     : Will secure any request with [org.springframework.security.web.session.DisableEncodeUrlFilter@492b12e5, org.springframework.security.web.context.request.async.WebAsyncManagerIntegrationFilter@20ff27a4, org.springframework.security.web.context.SecurityContextHolderFilter@60df0131, org.springframework.security.web.header.HeaderWriterFilter@6fb94c36, org.springframework.web.filter.CorsFilter@3d7fc4b3, org.springframework.security.web.authentication.logout.LogoutFilter@3327337a, com.monserrat.security.JwtFilter@46f597f1, org.springframework.security.web.savedrequest.RequestCacheAwareFilter@43e869ea, org.springframework.security.web.servletapi.SecurityContextHolderAwareRequestFilter@8f7cbcc, org.springframework.security.web.authentication.AnonymousAuthenticationFilter@4ccfd904, org.springframework.security.web.session.SessionManagementFilter@17bda3, org.springframework.security.web.access.ExceptionTranslationFilter@43ec41d7, org.springframework.security.web.access.intercept.AuthorizationFilter@787239f5]
2026-07-26T17:31:54.964-05:00  INFO 608 --- [           main] o.s.b.w.embedded.tomcat.TomcatWebServer  : Tomcat started on port 8080 (http) with context path ''
2026-07-26T17:31:54.985-05:00  INFO 608 --- [           main] c.m.m.MonserratBackendApplication        : Started MonserratBackendApplication in 28.889 seconds (process running for 31.12)
2026-07-26T17:31:55.550-05:00  INFO 608 --- [           main] com.monserrat.config.DataInitializer     : Admin sincronizado para adminmontserrat
2026-07-26T17:31:55.622-05:00  INFO 608 --- [           main] com.monserrat.config.DataInitializer     : No se cargaron medios iniciales. El carrusel quedara listo para que el admin suba archivos a Cloudinary.
2026-07-26T17:31:57.212-05:00  INFO 608 --- [           main] com.monserrat.config.DataInitializer     : 13 docentes de primaria creados/verificados
2026-07-26T17:31:57.298-05:00  INFO 608 --- [           main] com.monserrat.config.DataInitializer     : Códigos asignados a 13 docentes de primaria
2026-07-26T17:31:59.104-05:00  INFO 608 --- [           main] com.monserrat.config.DataInitializer     : 12 docentes de secundaria creados/verificados
2026-07-26T17:31:59.272-05:00  INFO 608 --- [           main] com.monserrat.config.DataInitializer     : Códigos asignados a 12 docentes de secundaria
2026-07-26T17:31:59.342-05:00  INFO 608 --- [           main] com.monserrat.config.DataInitializer     : Áreas curriculares, competencias y docentes de PRIMARIA ya existen y están mapeadas
2026-07-26T17:31:59.364-05:00  INFO 608 --- [           main] com.monserrat.config.DataInitializer     : Áreas curriculares, competencias y docentes de SECUNDARIA ya existen y están mapeadas
2026-07-26T17:31:59.459-05:00  INFO 608 --- [           main] com.monserrat.config.DataInitializer     : Grados de PRIMARIA ya existen
2026-07-26T17:31:59.478-05:00  INFO 608 --- [           main] com.monserrat.config.DataInitializer     : Secciones de PRIMARIA ya existen
2026-07-26T17:31:59.496-05:00  INFO 608 --- [           main] com.monserrat.config.DataInitializer     : Niveles académicos ya existen
2026-07-26T17:31:59.534-05:00  INFO 608 --- [           main] com.monserrat.config.DataInitializer     : DataInitializer completado - I.E.P. Nuestra Senora de Monserrat
